---
source: flecs_ecs/examples/flecs/z_ignore_test_common.rs
expression: str_output
---
"{\"results\":[{\"name\":\"ent_1\", \"id\":566, \"components\":{\"examples.reflection.reflection_world_ser_deser.Move.examples.reflection.reflection_world_ser_deser.Position\":{\"x\":10, \"y\":20}, \"examples.reflection.reflection_world_ser_deser.Move.examples.reflection.reflection_world_ser_deser.Velocity\":{\"x\":1, \"y\":-1}}}, {\"name\":\"ent_2\", \"id\":567, \"components\":{\"examples.reflection.reflection_world_ser_deser.Move.examples.reflection.reflection_world_ser_deser.Position\":{\"x\":30, \"y\":40}, \"examples.reflection.reflection_world_ser_deser.Move.examples.reflection.reflection_world_ser_deser.Velocity\":{\"x\":-1, \"y\":1}}}]}\n::ent_1 moved to {x: 11, y: 19}\n::ent_2 moved to {x: 29, y: 41}\n\n::ent_1 moved to {x: 11, y: 19}\n::ent_2 moved to {x: 29, y: 41}\n"
