---
source: flecs_ecs/examples/flecs/z_ignore_test_common.rs
assertion_line: 78
expression: str_output
---
"Bob's components:\n[Position, Velocity, Human, (Identifier,Name), (Eats,Apples)]\n\n0: Position\n1: Velocity\n2: Human\n3: (Identifier,Name)\n4: (Eats,Apples)\n\n0: entity: Position\n1: entity: Velocity\n2: entity: Human\n3: rel: Identifier, target: Name\n4: rel: Eats, target: Apples\n\nPosition's components:\n[Component, (Identifier,Name), (Identifier,Symbol)]\n\n0: Component\n1: (Identifier,Name)\n2: (Identifier,Symbol)\n\n0: entity: Component\n1: rel: Identifier, target: Name\n2: rel: Identifier, target: Symbol\n"
