---
source: flecs_ecs/examples/flecs/z_ignore_test_common.rs
assertion_line: 78
expression: str_output
---
"Unit id: #[ID] of class Wizard in platoon id: #[ID] for player #[ID] | MyPlayer\nUnit id: #[ID] of class Wizard in platoon id: #[ID] for player #[ID] | MyPlayer\nUnit id: #[ID] of class Wizard in platoon id: #[ID] for player #[ID] | MyPlayer\nUnit id: #[ID] of class Marksman in platoon id: #[ID] for player #[ID] | MyPlayer\nUnit id: #[ID] of class Marksman in platoon id: #[ID] for player #[ID] | MyPlayer\nUnit id: #[ID] of class Marksman in platoon id: #[ID] for player #[ID] | MyPlayer\n"
