---
source: flecs_ecs/examples/flecs/z_ignore_test_common.rs
assertion_line: 78
expression: str_output
---
"Group created: \"Third\"\n\nGroup created: \"Second\"\n\nGroup created: \"First\"\n\n\nGroup: \"::First\" - Table: [Some(Position, (Group,First))] - Counter: 3\n [Position { x: 3.0, y: 3.0 }]\n\nGroup: \"::First\" - Table: [Some(Position, Tag, (Group,First))] - Counter: 3\n [Position { x: 6.0, y: 6.0 }]\n\nGroup: \"::Second\" - Table: [Some(Position, (Group,Second))] - Counter: 2\n [Position { x: 2.0, y: 2.0 }]\n\nGroup: \"::Second\" - Table: [Some(Position, Tag, (Group,Second))] - Counter: 2\n [Position { x: 5.0, y: 5.0 }]\n\nGroup: \"::Third\" - Table: [Some(Position, (Group,Third))] - Counter: 1\n [Position { x: 1.0, y: 1.0 }]\n\nGroup: \"::Third\" - Table: [Some(Position, Tag, (Group,Third))] - Counter: 1\n [Position { x: 4.0, y: 4.0 }]\n\ngroup deleted: redacted\ngroup deleted: redacted\ngroup deleted: redacted\n"
