---
source: flecs_ecs/examples/flecs/z_ignore_test_common.rs
expression: str_output
---
"Creature id: #[ID] at location 0,0 is enchanted with mystical energy, ability power: 0 \nCreature id: #[ID] at location 2,2 is enchanted with mystical energy, ability power: 3 \nCreature id: #[ID] at location 4,4 is enchanted with mystical energy, ability power: 6 \nCreature id: #[ID] at location 6,6 is enchanted with mystical energy, ability power: 9 \nCreature id: #[ID] at location 8,8 is enchanted with mystical energy, ability power: 12 \n"
