---
source: flecs_ecs/examples/flecs/z_ignore_test_common.rs
assertion_line: 78
expression: str_output
---
"non-skip archetype: Position, WorldPosition, (Identifier,Name)\nnon-skip archetype: Position, WorldPosition, (Identifier,Name), (ChildOf,parent)\nnon-skip archetype: Position, WorldPosition, DummyTag, (Identifier,Name)\nskip archetype: Position, WorldPosition, (Identifier,Name)\nnon-skip archetype: Position, WorldPosition, (Identifier,Name), (ChildOf,parent)\nskip archetype: Position, WorldPosition, DummyTag, (Identifier,Name)\n\nparent: WorldPosition { x: 100.0, y: 200.0 }\nchild: WorldPosition { x: 210.0, y: 410.0 }\nindependent: WorldPosition { x: 50.0, y: 30.0 }\nskip archetype: Position, WorldPosition, (Identifier,Name)\nskip archetype: Position, WorldPosition, (Identifier,Name), (ChildOf,parent)\nnon-skip archetype: Position, WorldPosition, DummyTag, (Identifier,Name)\n\nparent: WorldPosition { x: 100.0, y: 200.0 }\nchild: WorldPosition { x: 210.0, y: 410.0 }\nindependent: WorldPosition { x: 60.0, y: 40.0 }\n"
