---
source: flecs_ecs/examples/flecs/z_ignore_test_common.rs
assertion_line: 78
expression: str_output
---
"\nGroup: \"::First\" - Table: [Some(Position, (Group,First))]\n [Position { x: 3.0, y: 3.0 }]\n\nGroup: \"::First\" - Table: [Some(Position, Tag, (Group,First))]\n [Position { x: 6.0, y: 6.0 }]\n\nGroup: \"::Second\" - Table: [Some(Position, (Group,Second))]\n [Position { x: 2.0, y: 2.0 }]\n\nGroup: \"::Second\" - Table: [Some(Position, Tag, (Group,Second))]\n [Position { x: 5.0, y: 5.0 }]\n\nGroup: \"::Third\" - Table: [Some(Position, (Group,Third))]\n [Position { x: 1.0, y: 1.0 }]\n\nGroup: \"::Third\" - Table: [Some(Position, Tag, (Group,Third))]\n [Position { x: 4.0, y: 4.0 }]\n\n"
