---
source: flecs_ecs/examples/flecs/z_snapshot_test.rs
expression: str_output
---
"Bob's got [examples.a_hello_world.Position, examples.a_hello_world.Velocity, (Identifier,Name), (examples.a_hello_world.Eats,examples.a_hello_world.Apples)]\nBob's position: Position { x: 2.0, y: 4.0 }\nBob's try_get position: Position { x: 2.0, y: 4.0 }\nBob has a position component, so the try_get callback ran.\n"
