---
source: flecs_ecs/examples/flecs/query_group_by_callbacks.rs
expression: self.str
---
- "\n"
- "Group created: \"Third\""
- "\n"
- "Group created: \"Second\""
- "\n"
- "Group created: \"First\""
- "\n"
- "Group: \"::examples::query_group_by_callbacks::First\" - Table: [Some(examples.query_group_by_callbacks.Position, (examples.query_group_by_callbacks.Group,examples.query_group_by_callbacks.First))] - Counter: 3"
- " [Position { x: 3.0, y: 3.0 }]"
- "\n"
- "Group: \"::examples::query_group_by_callbacks::First\" - Table: [Some(examples.query_group_by_callbacks.Position, examples.query_group_by_callbacks.Tag, (examples.query_group_by_callbacks.Group,examples.query_group_by_callbacks.First))] - Counter: 3"
- " [Position { x: 6.0, y: 6.0 }]"
- "\n"
- "Group: \"::examples::query_group_by_callbacks::Second\" - Table: [Some(examples.query_group_by_callbacks.Position, (examples.query_group_by_callbacks.Group,examples.query_group_by_callbacks.Second))] - Counter: 2"
- " [Position { x: 2.0, y: 2.0 }]"
- "\n"
- "Group: \"::examples::query_group_by_callbacks::Second\" - Table: [Some(examples.query_group_by_callbacks.Position, examples.query_group_by_callbacks.Tag, (examples.query_group_by_callbacks.Group,examples.query_group_by_callbacks.Second))] - Counter: 2"
- " [Position { x: 5.0, y: 5.0 }]"
- "\n"
- "Group: \"::examples::query_group_by_callbacks::Third\" - Table: [Some(examples.query_group_by_callbacks.Position, (examples.query_group_by_callbacks.Group,examples.query_group_by_callbacks.Third))] - Counter: 1"
- " [Position { x: 1.0, y: 1.0 }]"
- "\n"
- "Group: \"::examples::query_group_by_callbacks::Third\" - Table: [Some(examples.query_group_by_callbacks.Position, examples.query_group_by_callbacks.Tag, (examples.query_group_by_callbacks.Group,examples.query_group_by_callbacks.Third))] - Counter: 1"
- " [Position { x: 4.0, y: 4.0 }]"
- "\n"
- "Group deleted: \"Third\""
- "Group deleted: \"Second\""
- "Group deleted: \"First\""
