---
source: flecs_ecs/examples/flecs/z_snapshot_test.rs
expression: self.str
---
- "Bob's position: Position { x: 10.0, y: 20.0 }"
- "[examples.entity_basics.Position, examples.entity_basics.Walking, (Identifier,Name)]"
- "Alice has Position { x: 10.0, y: 20.0 }"
- "Bob has Position { x: 20.0, y: 30.0 }"
