---
source: flecs_ecs/examples/flecs/query_instancing.rs
expression: self.str
---
- Velocity is shared
- "entity e1 has Position { x: 11.0, y: 22.0 }"
- "entity e2 has Position { x: 11.0, y: 22.0 }"
- Velocity is owned
- "entity e3 has Position { x: 13.0, y: 24.0 }"
- "entity e4 has Position { x: 14.0, y: 25.0 }"
