---
source: flecs_ecs/examples/flecs/z_snapshot_test.rs
expression: self.str
---
- "(examples.relationships_enum.Tile,examples.relationships_enum.Tile.Stone), (examples.relationships_enum.TileStatus,examples.relationships_enum.TileStatus.Free)"
- "(examples.relationships_enum.Tile,examples.relationships_enum.Tile.Stone), (examples.relationships_enum.TileStatus,examples.relationships_enum.TileStatus.Occupied)"
- "\n"
- "has tile enum: true"
- "is the enum from tile stone?: true"
- "is tile stone: true"
- "\n"
- "::examples::relationships_enum::Tile::Stone"
- "::examples::relationships_enum::Tile::Grass"
- "::examples::relationships_enum::Tile::Sand"
- "\n"
- "::examples::relationships_enum::Tile::Stone"
- "::examples::relationships_enum::Tile::Sand"
- "\n"
- "(examples.relationships_enum.Tile,examples.relationships_enum.Tile.Stone)"
