---
source: flecs_ecs/examples/common.rs
expression: self.str
---
- "Bob's components:"
- "[entity_iterate_components.common.Position, entity_iterate_components.common.Velocity, entity_iterate_components.common.Human, (Identifier,Name), (entity_iterate_components.common.Eats,entity_iterate_components.common.Apples)]"
- "\n"
- "0: entity_iterate_components.common.Position"
- "1: entity_iterate_components.common.Velocity"
- "2: entity_iterate_components.common.Human"
- "3: (Identifier,Name)"
- "4: (entity_iterate_components.common.Eats,entity_iterate_components.common.Apples)"
- "\n0: entity: Position"
- "1: entity: Velocity"
- "2: entity: Human"
- "3: rel: Identifier, target: Name"
- "4: rel: Eats, target: Apples"
- ""
- "\n"
- "Position's components:"
- "[Component, (Identifier,Name), (Identifier,Symbol), (ChildOf,entity_iterate_components.common)]"
- "\n"
- "0: Component"
- "1: (Identifier,Name)"
- "2: (Identifier,Symbol)"
- "3: (ChildOf,entity_iterate_components.common)"
- "\n0: entity: Component"
- "1: rel: Identifier, target: Name"
- "2: rel: Identifier, target: Symbol"
- "3: rel: ChildOf, target: common"
- ""
