---
source: flecs_ecs/examples/common.rs
expression: self.str
---
- Is the Moon a child of the Earth? true / true
- "\n"
- "::Sun [entity_hierarchy.common.Position, (Identifier,Name)]"
- "Position { x: 1.0, y: 1.0 }"
- "::Sun::Mercury [entity_hierarchy.common.Position, entity_hierarchy.Planet, (Identifier,Name), (ChildOf,Sun)]"
- "Position { x: 2.0, y: 2.0 }"
- "::Sun::Venus [entity_hierarchy.common.Position, entity_hierarchy.Planet, (Identifier,Name), (ChildOf,Sun)]"
- "Position { x: 3.0, y: 3.0 }"
- "::Sun::Earth [entity_hierarchy.common.Position, entity_hierarchy.Planet, (Identifier,Name), (ChildOf,Sun)]"
- "Position { x: 4.0, y: 4.0 }"
- "::Sun::Earth::Moon [entity_hierarchy.common.Position, entity_hierarchy.Moon, (Identifier,Name), (ChildOf,Sun.Earth)]"
- "Position { x: 4.1, y: 4.1 }"
