---
source: flecs_ecs/examples/common.rs
expression: self.str
---
- All tables
- "group: \"::query_group_iter::Cell_0_0\" - Table [query_group_iter.Merchant, query_group_iter.Npc, (query_group_iter.WorldCell,query_group_iter.Cell_0_0)]"
- "group: \"::query_group_iter::Cell_0_1\" - Table [query_group_iter.Npc, query_group_iter.Beggar, (query_group_iter.WorldCell,query_group_iter.Cell_0_1)]"
- "group: \"::query_group_iter::Cell_0_1\" - Table [query_group_iter.Npc, query_group_iter.Soldier, (query_group_iter.WorldCell,query_group_iter.Cell_0_1)]"
- "group: \"::query_group_iter::Cell_1_0\" - Table [query_group_iter.Npc, query_group_iter.Mage, (query_group_iter.WorldCell,query_group_iter.Cell_1_0)]"
- "group: \"::query_group_iter::Cell_1_0\" - Table [query_group_iter.Npc, query_group_iter.Beggar, (query_group_iter.WorldCell,query_group_iter.Cell_1_0)]"
- "group: \"::query_group_iter::Cell_1_1\" - Table [query_group_iter.Npc, query_group_iter.Soldier, (query_group_iter.WorldCell,query_group_iter.Cell_1_1)]"
- "\n"
- "Tables for cell 1_0:"
- "group: \"::query_group_iter::Cell_1_0\" - Table [query_group_iter.Npc, query_group_iter.Mage, (query_group_iter.WorldCell,query_group_iter.Cell_1_0)]"
- "group: \"::query_group_iter::Cell_1_0\" - Table [query_group_iter.Npc, query_group_iter.Beggar, (query_group_iter.WorldCell,query_group_iter.Cell_1_0)]"
