---
source: flecs_ecs/examples/common.rs
expression: self.str
---
- "\n"
- "query_read.is_changed(): true"
- "\n"
- "iiter.is_changed() for table [query_change_tracking.common.Position, (Identifier,Name), (IsA,prefab_dirty_false)]: true"
- "iiter.is_changed() for table [query_change_tracking.common.Position, (Identifier,Name), (IsA,prefab_dirty_true)]: true"
- "\n"
- "query_read.is_changed(): false"
- "\n"
- "iterate table [query_change_tracking.common.Position, (Identifier,Name), (IsA,prefab_dirty_false)]"
- "iter.skip() for table [query_change_tracking.common.Position, (Identifier,Name), (IsA,prefab_dirty_false)]"
- "iterate table [query_change_tracking.common.Position, (Identifier,Name), (IsA,prefab_dirty_true)]"
- "\n"
- "query_read.is_changed(): true"
- "\n"
- "iter.is_changed() for table [query_change_tracking.common.Position, (Identifier,Name), (IsA,prefab_dirty_false)]: false"
- "iter.is_changed() for table [query_change_tracking.common.Position, (Identifier,Name), (IsA,prefab_dirty_true)]: true"
- "\n"
