---
source: flecs_ecs/examples/common.rs
expression: self.str
---
- Bob eats apples? true
- "Bob grows food? true, true"
- "\n"
- "Bob's type: [(Identifier,Name), (relationships_basics.common.Eats,Apples), (relationships_basics.common.Eats,Pears), (Grows,Pears)]"
- "\n"
- Bob eats Apples
- Bob eats Pears
- "\n"
- Bob Eats pears
- Bob Grows pears
- "\n"
- Bob eats Apples
- Bob also eats Pears
