---
source: flecs_ecs/examples/common.rs
expression: self.str
---
- "Unit [ID] of class rules_setting_variables.Wizard in platoon [ID] for player MyPlayer"
- "Unit [ID] of class rules_setting_variables.Wizard in platoon [ID] for player MyPlayer"
- "Unit [ID] of class rules_setting_variables.Wizard in platoon [ID] for player MyPlayer"
- "Unit [ID] of class rules_setting_variables.Marksman in platoon [ID] for player MyPlayer"
- "Unit [ID] of class rules_setting_variables.Marksman in platoon [ID] for player MyPlayer"
- "Unit [ID] of class rules_setting_variables.Marksman in platoon [ID] for player MyPlayer"
