---
source: flecs_ecs/examples/common.rs
expression: self.str
---
- Unit 546 of class rules_setting_variables.Wizard in platoon 543 for player MyPlayer
- Unit 550 of class rules_setting_variables.Wizard in platoon 547 for player MyPlayer
- Unit 554 of class rules_setting_variables.Wizard in platoon 551 for player MyPlayer
- Unit 545 of class rules_setting_variables.Marksman in platoon 543 for player MyPlayer
- Unit 549 of class rules_setting_variables.Marksman in platoon 547 for player MyPlayer
- Unit 553 of class rules_setting_variables.Marksman in platoon 551 for player MyPlayer
