---
source: flecs_ecs/examples/common
expression: self.str
---
- "Bob's components:"
- "[test_examples.entity_iterate_components.Position, test_examples.entity_iterate_components.Velocity, test_examples.entity_iterate_components.Human, (Identifier,Name), (test_examples.entity_iterate_components.Eats,test_examples.entity_iterate_components.Apples)]"
- "\n"
- "0: test_examples.entity_iterate_components.Position"
- "1: test_examples.entity_iterate_components.Velocity"
- "2: test_examples.entity_iterate_components.Human"
- "3: (Identifier,Name)"
- "4: (test_examples.entity_iterate_components.Eats,test_examples.entity_iterate_components.Apples)"
- "\n"
- "0: entity: Position"
- "1: entity: Velocity"
- "2: entity: Human"
- "3: rel: Identifier, target: Name"
- "4: rel: Eats, target: Apples"
- "\n"
- "Position's components:"
- "[Component, (Identifier,Name), (Identifier,Symbol), (ChildOf,test_examples.entity_iterate_components)]"
- "\n"
- "0: Component"
- "1: (Identifier,Name)"
- "2: (Identifier,Symbol)"
- "3: (ChildOf,test_examples.entity_iterate_components)"
- "\n"
- "0: entity: Component"
- "1: rel: Identifier, target: Name"
- "2: rel: Identifier, target: Symbol"
- "3: rel: ChildOf, target: entity_iterate_components"
