---
source: flecs_ecs/examples/common
expression: self.str
---
- "Unit [ID] of class test_examples.rules_setting_variables.Wizard in platoon [ID] for player MyPlayer"
- "Unit [ID] of class test_examples.rules_setting_variables.Wizard in platoon [ID] for player MyPlayer"
- "Unit [ID] of class test_examples.rules_setting_variables.Wizard in platoon [ID] for player MyPlayer"
- "Unit [ID] of class test_examples.rules_setting_variables.Marksman in platoon [ID] for player MyPlayer"
- "Unit [ID] of class test_examples.rules_setting_variables.Marksman in platoon [ID] for player MyPlayer"
- "Unit [ID] of class test_examples.rules_setting_variables.Marksman in platoon [ID] for player MyPlayer"
